../Core/Src/main.c:95:5:main	40	static
../Core/Src/main.c:289:6:SystemClock_Config	88	static
../Core/Src/main.c:335:13:MX_CAN2_Init	8	static
../Core/Src/main.c:375:13:MX_I2C1_Init	8	static
../Core/Src/main.c:409:13:MX_I2C2_Init	8	static
../Core/Src/main.c:443:13:MX_GPIO_Init	40	static
../Core/Src/main.c:476:5:device_reset	24	static
../Core/Src/main.c:502:6:config_ism	16	static
../Core/Src/main.c:545:16:BSP_I2C1_ReadReg	32	static
../Core/Src/main.c:552:16:BSP_I2C1_WriteReg	32	static
../Core/Src/main.c:567:6:Error_Handler	8	static
