../Core/Src/main.c:96:5:main	72	static
../Core/Src/main.c:249:6:SystemClock_Config	88	static
../Core/Src/main.c:295:13:MX_CAN2_Init	8	static
../Core/Src/main.c:332:13:MX_I2C1_Init	8	static
../Core/Src/main.c:366:13:MX_I2C2_Init	8	static
../Core/Src/main.c:400:13:MX_USB_OTG_FS_HCD_Init	8	static
../Core/Src/main.c:431:13:MX_GPIO_Init	40	static
../Core/Src/main.c:464:5:device_reset	24	static
../Core/Src/main.c:490:6:config_ism	16	static
../Core/Src/main.c:540:6:Error_Handler	8	static,ignoring_inline_asm
