2025-04-19 11:55:23,040 [INFO] Activator:176 - 


2025-04-19 11:55:23,044 [INFO] Activator:177 - !SESSION log4j initialized
2025-04-19 11:55:27,672 [INFO] LogOutputStream:77 - [STDOUT_REDIRECT] 
2025-04-19 11:55:28,305 [INFO] ApplicationProperties:184 - Using Application install path: C:\ST\STM32CubeIDE_1.17.0\STM32CubeIDE\plugins\com.st.stm32cube.common.mx_6.14.0.202502271554
2025-04-19 11:55:28,325 [INFO] DbMcusXml:78 - Set database path to: C:\ST\STM32CubeIDE_1.17.0\STM32CubeIDE\plugins\com.st.stm32cube.common.mx_6.14.0.202502271554\\db\/mcu/
2025-04-19 11:55:28,325 [INFO] ApiDb:274 - Set plugin database path to: C:\ST\STM32CubeIDE_1.17.0\STM32CubeIDE\plugins\com.st.stm32cube.common.mx_6.14.0.202502271554\\db\/plugins/boardmanager/
2025-04-19 11:55:28,326 [WARN] ApiDb:259 - Overriding images path with different value:  => C:\ST\STM32CubeIDE_1.17.0\STM32CubeIDE\plugins\com.st.stm32cube.common.mx_6.14.0.202502271554\\db\/plugins/mcufinder/images/
2025-04-19 11:55:28,336 [INFO] ApiDb:250 - Set database path to: C:\Users\ryans\.stmcufinder\plugins\mcufinder//mcu/
2025-04-19 11:55:28,338 [INFO] DbMcusAds:125 - Set database path to: C:\Users\ryans\.stmcufinder\plugins\mcufinder//mcu/
2025-04-19 11:55:28,340 [INFO] CrossReferenceDbSqlite:203 - Set database path to: C:\Users\ryans\.stmcufinder\plugins\mcufinder//mcu/cs/
2025-04-19 11:55:28,484 [INFO] RulesReader:64 - Compatibility file has been processed (301 Rules)
2025-04-19 11:55:28,601 [INFO] DbMcusXml:78 - Set database path to: C:\ST\STM32CubeIDE_1.17.0\STM32CubeIDE\plugins\com.st.stm32cube.common.mx_6.14.0.202502271554\\db\/mcu/
2025-04-19 11:55:28,602 [INFO] ApiDb:274 - Set plugin database path to: C:\ST\STM32CubeIDE_1.17.0\STM32CubeIDE\plugins\com.st.stm32cube.common.mx_6.14.0.202502271554\\db\/plugins/boardmanager/
2025-04-19 11:55:28,602 [INFO] ApiDb:261 - Set plugin images path to: C:\ST\STM32CubeIDE_1.17.0\STM32CubeIDE\plugins\com.st.stm32cube.common.mx_6.14.0.202502271554\\db\/plugins/mcufinder/images/
2025-04-19 11:55:28,602 [WARN] DbFile:41 - Overriding database path with different value: C:\Users\ryans\.stmcufinder\plugins\mcufinder/ => C:\Users\ryans\.stmcufinder\plugins\mcufinder
2025-04-19 11:55:28,602 [INFO] ApiDb:250 - Set database path to: C:\Users\ryans\.stmcufinder\plugins\mcufinder//mcu/
2025-04-19 11:55:28,603 [WARN] DbFile:41 - Overriding database path with different value: C:\Users\ryans\.stmcufinder\plugins\mcufinder/ => C:\Users\ryans\.stmcufinder\plugins\mcufinder
2025-04-19 11:55:28,603 [INFO] DbMcusAds:125 - Set database path to: C:\Users\ryans\.stmcufinder\plugins\mcufinder//mcu/
2025-04-19 11:55:28,603 [WARN] DbFile:41 - Overriding database path with different value: C:\Users\ryans\.stmcufinder\plugins\mcufinder/ => C:\Users\ryans\.stmcufinder\plugins\mcufinder
2025-04-19 11:55:28,603 [WARN] DbFile:41 - Overriding database path with different value: C:\Users\ryans\.stmcufinder\plugins\mcufinder/ => C:\Users\ryans\.stmcufinder\plugins\mcufinder
2025-04-19 11:55:28,603 [INFO] CrossReferenceDbSqlite:203 - Set database path to: C:\Users\ryans\.stmcufinder\plugins\mcufinder//mcu/cs/
2025-04-19 11:55:28,694 [INFO] MainPanel:272 - HeapMemory: 268435456
2025-04-19 11:55:28,821 [INFO] DbMcusXml:78 - Set database path to: C:\ST\STM32CubeIDE_1.17.0\STM32CubeIDE\plugins\com.st.stm32cube.common.mx_6.14.0.202502271554\\db\/mcu/
2025-04-19 11:55:28,822 [INFO] ApiDb:274 - Set plugin database path to: C:\ST\STM32CubeIDE_1.17.0\STM32CubeIDE\plugins\com.st.stm32cube.common.mx_6.14.0.202502271554\\db\/plugins/boardmanager/
2025-04-19 11:55:28,822 [INFO] ApiDb:261 - Set plugin images path to: C:\ST\STM32CubeIDE_1.17.0\STM32CubeIDE\plugins\com.st.stm32cube.common.mx_6.14.0.202502271554\\db\/plugins/mcufinder/images/
2025-04-19 11:55:28,822 [WARN] DbFile:41 - Overriding database path with different value: C:\Users\ryans\.stmcufinder\plugins\mcufinder/ => C:\Users\ryans\.stmcufinder\plugins\mcufinder
2025-04-19 11:55:28,822 [INFO] ApiDb:250 - Set database path to: C:\Users\ryans\.stmcufinder\plugins\mcufinder//mcu/
2025-04-19 11:55:28,822 [WARN] DbFile:41 - Overriding database path with different value: C:\Users\ryans\.stmcufinder\plugins\mcufinder/ => C:\Users\ryans\.stmcufinder\plugins\mcufinder
2025-04-19 11:55:28,822 [INFO] DbMcusAds:125 - Set database path to: C:\Users\ryans\.stmcufinder\plugins\mcufinder//mcu/
2025-04-19 11:55:28,822 [WARN] DbFile:41 - Overriding database path with different value: C:\Users\ryans\.stmcufinder\plugins\mcufinder/ => C:\Users\ryans\.stmcufinder\plugins\mcufinder
2025-04-19 11:55:28,823 [WARN] DbFile:41 - Overriding database path with different value: C:\Users\ryans\.stmcufinder\plugins\mcufinder/ => C:\Users\ryans\.stmcufinder\plugins\mcufinder
2025-04-19 11:55:28,823 [INFO] CrossReferenceDbSqlite:203 - Set database path to: C:\Users\ryans\.stmcufinder\plugins\mcufinder//mcu/cs/
2025-04-19 11:55:28,843 [INFO] ApplicationProperties:184 - Using Application install path: C:\ST\STM32CubeIDE_1.17.0\STM32CubeIDE\plugins\com.st.stm32cube.common.mx_6.14.0.202502271554
2025-04-19 11:55:28,844 [INFO] PluginManage:196 - Search for loadable plugins [exclusion list=, ]
2025-04-19 11:55:28,846 [INFO] PluginManage:310 - Check plugin analytics
2025-04-19 11:55:29,045 [INFO] AnalyticsPlugin:253 - Accepted Software Licenses: 
2025-04-19 11:55:29,045 [INFO] AnalyticsPlugin:255 - Accepted CMSIS Pack Licenses: 
2025-04-19 11:55:29,045 [INFO] AnalyticsPlugin:257 - Accepted Firmware Licenses: FW.F4.1.28.0
2025-04-19 11:55:29,048 [INFO] PluginManage:359 - Loaded plugin analytics (category:tool,tabindex:-1)
2025-04-19 11:55:29,048 [INFO] PluginManage:310 - Check plugin cadmodel
2025-04-19 11:55:29,055 [INFO] CADModel:105 - Init CAD model plugin
2025-04-19 11:55:29,056 [INFO] PluginManage:359 - Loaded plugin cadmodel (category:power,tabindex:5)
2025-04-19 11:55:29,056 [INFO] PluginManage:310 - Check plugin clock
2025-04-19 11:55:29,068 [INFO] PluginManage:359 - Loaded plugin clock (category:base,tabindex:2)
2025-04-19 11:55:29,069 [INFO] PluginManage:310 - Check plugin ddr
2025-04-19 11:55:29,072 [INFO] PluginManage:359 - Loaded plugin ddr (category:tool,tabindex:6)
2025-04-19 11:55:29,072 [INFO] PluginManage:310 - Check plugin filemanager
2025-04-19 11:55:29,238 [INFO] PluginManage:359 - Loaded plugin filemanager (category:base,tabindex:10)
2025-04-19 11:55:29,238 [INFO] PluginManage:310 - Check plugin ipmanager
2025-04-19 11:55:29,246 [INFO] PluginManage:359 - Loaded plugin ipmanager (category:base,tabindex:5)
2025-04-19 11:55:29,246 [INFO] PluginManage:310 - Check plugin lpbam
2025-04-19 11:55:29,256 [INFO] PluginManage:359 - Loaded plugin lpbam (category:base,tabindex:0)
2025-04-19 11:55:29,256 [INFO] PluginManage:310 - Check plugin memorymap
2025-04-19 11:55:29,275 [INFO] PluginManage:359 - Loaded plugin memorymap (category:base,tabindex:4)
2025-04-19 11:55:29,275 [INFO] PluginManage:310 - Check plugin pinoutandconfiguration
2025-04-19 11:55:29,284 [INFO] PluginManage:359 - Loaded plugin pinoutandconfiguration (category:base,tabindex:1)
2025-04-19 11:55:29,284 [INFO] PluginManage:310 - Check plugin pinoutconfig
2025-04-19 11:55:29,407 [WARN] SupportedApi:132 - Cannot load RTOS API schema: s4s-elt-must-match.1: The content of 'definitions' must match (annotation?, (simpleType | complexType)?, (unique | key | keyref)*)). A problem was found starting at: attribute.
2025-04-19 11:55:29,587 [INFO] PluginManage:359 - Loaded plugin pinoutconfig (category:base,tabindex:0)
2025-04-19 11:55:29,588 [INFO] PluginManage:310 - Check plugin power
2025-04-19 11:55:29,600 [INFO] PluginManage:359 - Loaded plugin power (category:power,tabindex:4)
2025-04-19 11:55:29,600 [INFO] PluginManage:310 - Check plugin projectmanager
2025-04-19 11:55:29,618 [INFO] PluginManage:359 - Loaded plugin projectmanager (category:projectmanager,tabindex:4)
2025-04-19 11:55:29,618 [INFO] PluginManage:310 - Check plugin rif
2025-04-19 11:55:29,626 [INFO] PluginManage:359 - Loaded plugin rif (category:base,tabindex:3)
2025-04-19 11:55:29,626 [INFO] PluginManage:310 - Check plugin thirdparty
2025-04-19 11:55:29,830 [INFO] PluginManage:359 - Loaded plugin thirdparty (category:base,tabindex:-1)
2025-04-19 11:55:29,830 [WARN] IntegrityCheckThread:84 - waiting for thirdparty lock release [integrity check]
2025-04-19 11:55:29,830 [INFO] IntegrityCheckThread:86 - entering critical section [integrity check]
2025-04-19 11:55:29,830 [INFO] PluginManage:310 - Check plugin tools
2025-04-19 11:55:29,830 [INFO] ThirdPartyUpdaterWithRetryManager:70 - Updater plugin not ready yet. [1/15]
2025-04-19 11:55:29,833 [INFO] PluginManage:359 - Loaded plugin tools (category:base,tabindex:7)
2025-04-19 11:55:29,833 [INFO] PluginManage:310 - Check plugin tutovideos
2025-04-19 11:55:30,029 [INFO] PluginManage:359 - Loaded plugin tutovideos (category:base,tabindex:-1)
2025-04-19 11:55:30,029 [INFO] PluginManage:310 - Check plugin updater
2025-04-19 11:55:30,051 [INFO] PluginManage:359 - Loaded plugin updater (category:base,tabindex:12)
2025-04-19 11:55:30,051 [INFO] PluginManage:310 - Check plugin userauth
2025-04-19 11:55:30,056 [INFO] UserAuth:118 - Init User Auth plugin
2025-04-19 11:55:30,056 [INFO] PluginManage:359 - Loaded plugin userauth (category:base,tabindex:14)
2025-04-19 11:55:30,057 [INFO] PluginManage:283 - PluginManage : Loaded plugins [18]
2025-04-19 11:55:30,272 [INFO] PinOutPanel:1589 - setPackage(No Configuration,No Configuration)
2025-04-19 11:55:30,353 [INFO] CADModel:165 - CPN selected for project level
2025-04-19 11:55:30,354 [INFO] CADModel:114 - Register for checkConnection events
2025-04-19 11:55:30,371 [INFO] IPUIPlugin:80 - create IPUIPlugin
2025-04-19 11:55:30,371 [INFO] PluginManager:220 - loadIPPluginJar : add adc
2025-04-19 11:55:30,375 [INFO] IPUIPlugin:80 - create IPUIPlugin
2025-04-19 11:55:30,375 [INFO] PluginManager:220 - loadIPPluginJar : add aes
2025-04-19 11:55:30,378 [INFO] IPUIPlugin:80 - create IPUIPlugin
2025-04-19 11:55:30,379 [INFO] PluginManager:220 - loadIPPluginJar : add can
2025-04-19 11:55:30,381 [INFO] IPUIPlugin:80 - create IPUIPlugin
2025-04-19 11:55:30,381 [INFO] PluginManager:220 - loadIPPluginJar : add comp
2025-04-19 11:55:30,384 [INFO] IPUIPlugin:80 - create IPUIPlugin
2025-04-19 11:55:30,384 [INFO] PluginManager:220 - loadIPPluginJar : add cryp
2025-04-19 11:55:30,388 [INFO] IPUIPlugin:80 - create IPUIPlugin
2025-04-19 11:55:30,388 [INFO] PluginManager:220 - loadIPPluginJar : add ddr_ctrl_phy
2025-04-19 11:55:30,391 [INFO] IPUIPlugin:80 - create IPUIPlugin
2025-04-19 11:55:30,391 [INFO] PluginManager:220 - loadIPPluginJar : add dfsdm
2025-04-19 11:55:30,396 [INFO] IPUIPlugin:80 - create IPUIPlugin
2025-04-19 11:55:30,396 [INFO] PluginManager:220 - loadIPPluginJar : add dma
2025-04-19 11:55:30,399 [INFO] IPUIPlugin:80 - create IPUIPlugin
2025-04-19 11:55:30,399 [INFO] PluginManager:220 - loadIPPluginJar : add dma3
2025-04-19 11:55:30,402 [INFO] IPUIPlugin:80 - create IPUIPlugin
2025-04-19 11:55:30,403 [INFO] PluginManager:220 - loadIPPluginJar : add extmemmanager
2025-04-19 11:55:30,405 [INFO] IPUIPlugin:80 - create IPUIPlugin
2025-04-19 11:55:30,405 [INFO] PluginManager:220 - loadIPPluginJar : add fatfs
2025-04-19 11:55:30,409 [INFO] IPUIPlugin:80 - create IPUIPlugin
2025-04-19 11:55:30,409 [INFO] PluginManager:220 - loadIPPluginJar : add fmc
2025-04-19 11:55:30,415 [INFO] IPUIPlugin:80 - create IPUIPlugin
2025-04-19 11:55:30,415 [INFO] PluginManager:220 - loadIPPluginJar : add freertos
2025-04-19 11:55:30,417 [INFO] IPUIPlugin:80 - create IPUIPlugin
2025-04-19 11:55:30,417 [INFO] PluginManager:220 - loadIPPluginJar : add genericplugin
2025-04-19 11:55:30,420 [INFO] IPUIPlugin:80 - create IPUIPlugin
2025-04-19 11:55:30,420 [INFO] PluginManager:220 - loadIPPluginJar : add gfxmmu
2025-04-19 11:55:30,425 [INFO] IPUIPlugin:80 - create IPUIPlugin
2025-04-19 11:55:30,425 [INFO] PluginManager:220 - loadIPPluginJar : add gic
2025-04-19 11:55:30,430 [INFO] IPUIPlugin:80 - create IPUIPlugin
2025-04-19 11:55:30,430 [INFO] PluginManager:220 - loadIPPluginJar : add gpio
2025-04-19 11:55:30,434 [INFO] IPUIPlugin:80 - create IPUIPlugin
2025-04-19 11:55:30,434 [INFO] PluginManager:220 - loadIPPluginJar : add gtzc
2025-04-19 11:55:30,437 [INFO] IPUIPlugin:80 - create IPUIPlugin
2025-04-19 11:55:30,437 [INFO] PluginManager:220 - loadIPPluginJar : add hash
2025-04-19 11:55:30,440 [INFO] IPUIPlugin:80 - create IPUIPlugin
2025-04-19 11:55:30,440 [INFO] PluginManager:220 - loadIPPluginJar : add i2c
2025-04-19 11:55:30,443 [INFO] IPUIPlugin:80 - create IPUIPlugin
2025-04-19 11:55:30,443 [INFO] PluginManager:220 - loadIPPluginJar : add i2s
2025-04-19 11:55:30,446 [INFO] IPUIPlugin:80 - create IPUIPlugin
2025-04-19 11:55:30,446 [INFO] PluginManager:220 - loadIPPluginJar : add i3c
2025-04-19 11:55:30,449 [INFO] IPUIPlugin:80 - create IPUIPlugin
2025-04-19 11:55:30,450 [INFO] PluginManager:220 - loadIPPluginJar : add ipddr
2025-04-19 11:55:30,456 [INFO] IPUIPlugin:80 - create IPUIPlugin
2025-04-19 11:55:30,457 [INFO] PluginManager:220 - loadIPPluginJar : add linkedlist
2025-04-19 11:55:30,460 [INFO] IPUIPlugin:80 - create IPUIPlugin
2025-04-19 11:55:30,460 [INFO] PluginManager:220 - loadIPPluginJar : add lorawan
2025-04-19 11:55:30,462 [INFO] IPUIPlugin:80 - create IPUIPlugin
2025-04-19 11:55:30,462 [INFO] PluginManager:220 - loadIPPluginJar : add ltdc
2025-04-19 11:55:30,467 [INFO] IPUIPlugin:80 - create IPUIPlugin
2025-04-19 11:55:30,467 [INFO] PluginManager:220 - loadIPPluginJar : add mdma
2025-04-19 11:55:30,471 [INFO] IPUIPlugin:80 - create IPUIPlugin
2025-04-19 11:55:30,471 [INFO] PluginManager:220 - loadIPPluginJar : add nvic
2025-04-19 11:55:30,474 [INFO] IPUIPlugin:80 - create IPUIPlugin
2025-04-19 11:55:30,475 [INFO] PluginManager:220 - loadIPPluginJar : add opamp
2025-04-19 11:55:30,479 [INFO] IPUIPlugin:80 - create IPUIPlugin
2025-04-19 11:55:30,479 [INFO] PluginManager:220 - loadIPPluginJar : add openamp
2025-04-19 11:55:30,482 [INFO] IPUIPlugin:80 - create IPUIPlugin
2025-04-19 11:55:30,483 [INFO] PluginManager:220 - loadIPPluginJar : add pdm2pcm
2025-04-19 11:55:30,488 [INFO] IPUIPlugin:80 - create IPUIPlugin
2025-04-19 11:55:30,490 [INFO] PluginManager:220 - loadIPPluginJar : add plateformsettings
2025-04-19 11:55:30,492 [INFO] IPUIPlugin:80 - create IPUIPlugin
2025-04-19 11:55:30,492 [INFO] PluginManager:220 - loadIPPluginJar : add quadspi
2025-04-19 11:55:30,494 [INFO] IPUIPlugin:80 - create IPUIPlugin
2025-04-19 11:55:30,495 [INFO] PluginManager:220 - loadIPPluginJar : add radio
2025-04-19 11:55:30,500 [INFO] IPUIPlugin:80 - create IPUIPlugin
2025-04-19 11:55:30,500 [INFO] PluginManager:220 - loadIPPluginJar : add resmgrutility
2025-04-19 11:55:30,503 [INFO] IPUIPlugin:80 - create IPUIPlugin
2025-04-19 11:55:30,503 [INFO] PluginManager:220 - loadIPPluginJar : add sai
2025-04-19 11:55:30,507 [INFO] IPUIPlugin:80 - create IPUIPlugin
2025-04-19 11:55:30,507 [INFO] PluginManager:220 - loadIPPluginJar : add spi
2025-04-19 11:55:30,513 [INFO] IPUIPlugin:80 - create IPUIPlugin
2025-04-19 11:55:30,513 [INFO] PluginManager:220 - loadIPPluginJar : add stm32_wpan
2025-04-19 11:55:30,515 [INFO] IPUIPlugin:80 - create IPUIPlugin
2025-04-19 11:55:30,515 [INFO] PluginManager:220 - loadIPPluginJar : add tim
2025-04-19 11:55:30,519 [INFO] IPUIPlugin:80 - create IPUIPlugin
2025-04-19 11:55:30,519 [INFO] PluginManager:220 - loadIPPluginJar : add touchsensing
2025-04-19 11:55:30,522 [INFO] IPUIPlugin:80 - create IPUIPlugin
2025-04-19 11:55:30,522 [INFO] PluginManager:220 - loadIPPluginJar : add tracer_emb
2025-04-19 11:55:30,524 [INFO] IPUIPlugin:80 - create IPUIPlugin
2025-04-19 11:55:30,524 [INFO] PluginManager:220 - loadIPPluginJar : add ts
2025-04-19 11:55:30,526 [INFO] IPUIPlugin:80 - create IPUIPlugin
2025-04-19 11:55:30,526 [INFO] PluginManager:220 - loadIPPluginJar : add tsc
2025-04-19 11:55:30,529 [INFO] IPUIPlugin:80 - create IPUIPlugin
2025-04-19 11:55:30,529 [INFO] PluginManager:220 - loadIPPluginJar : add ucpd
2025-04-19 11:55:30,533 [INFO] IPUIPlugin:80 - create IPUIPlugin
2025-04-19 11:55:30,533 [INFO] PluginManager:220 - loadIPPluginJar : add usart
2025-04-19 11:55:30,537 [INFO] IPUIPlugin:80 - create IPUIPlugin
2025-04-19 11:55:30,537 [INFO] PluginManager:220 - loadIPPluginJar : add usbx
2025-04-19 11:55:30,671 [FATAL] Updater:351 - Updater called before beeing initialized
2025-04-19 11:55:30,698 [INFO] RulesReader:64 - Compatibility file has been processed (301 Rules)
2025-04-19 11:55:30,712 [INFO] RulesReader:64 - Compatibility file has been processed (301 Rules)
2025-04-19 11:55:30,720 [INFO] CADModel:165 - CPN selected for project level
2025-04-19 11:55:30,720 [INFO] CADModel:114 - Register for checkConnection events
2025-04-19 11:55:30,720 [FATAL] Updater:351 - Updater called before beeing initialized
2025-04-19 11:55:30,720 [ERROR] CADModel:125 - Updater not yet initialized, retry later 
2025-04-19 11:55:30,885 [FATAL] Updater:351 - Updater called before beeing initialized
2025-04-19 11:55:30,887 [INFO] CADModel:165 - CPN selected for project level
2025-04-19 11:55:30,888 [INFO] CADModel:114 - Register for checkConnection events
2025-04-19 11:55:30,888 [FATAL] Updater:351 - Updater called before beeing initialized
2025-04-19 11:55:30,888 [ERROR] CADModel:125 - Updater not yet initialized, retry later 
2025-04-19 11:55:30,891 [FATAL] Updater:351 - Updater called before beeing initialized
2025-04-19 11:55:31,000 [FATAL] Updater:351 - Updater called before beeing initialized
2025-04-19 11:55:31,004 [INFO] DbMcusAds:53 - JSON generation date=Wed Sep 29 23:55:09 MST 2021 (1632984909247)
2025-04-19 11:55:31,005 [FATAL] Updater:351 - Updater called before beeing initialized
2025-04-19 11:55:31,042 [WARN] DetailPanel:346 - Failed to get advertising image, set to default
2025-04-19 11:55:31,342 [FATAL] Updater:351 - Updater called before beeing initialized
2025-04-19 11:55:31,344 [FATAL] Updater:351 - Updater called before beeing initialized
2025-04-19 11:55:31,345 [FATAL] Updater:351 - Updater called before beeing initialized
2025-04-19 11:55:31,345 [WARN] DetailPanel:346 - Failed to get advertising image, set to default
2025-04-19 11:55:31,345 [FATAL] Updater:351 - Updater called before beeing initialized
2025-04-19 11:55:31,395 [ERROR] Updater:1198 - MainUpdater not yet initialized. External WinMGr cannot be set.
2025-04-19 11:55:31,397 [INFO] Updater:1134 - Updater Version found : 6.14.0
2025-04-19 11:55:31,416 [INFO] ApplicationProperties:184 - Using Application install path: C:\ST\STM32CubeIDE_1.17.0\STM32CubeIDE\plugins\com.st.stm32cube.common.mx_6.14.0.202502271554
2025-04-19 11:55:32,831 [INFO] ThirdPartyUpdaterWithRetryManager:70 - Updater plugin not ready yet. [2/15]
2025-04-19 11:55:32,995 [ERROR] LogOutputStream:75 - [STDERR_REDIRECT] Apr 19, 2025 11:55:32 AM java.util.prefs.WindowsPreferences <init>
2025-04-19 11:55:33,004 [ERROR] LogOutputStream:75 - [STDERR_REDIRECT] WARNING: Could not open/create prefs root node Software\JavaSoft\Prefs at root 0xffffffff80000002. Windows RegCreateKeyEx(...) returned error code 5.
2025-04-19 11:55:33,004 [ERROR] LogOutputStream:75 - [STDERR_REDIRECT] 
2025-04-19 11:55:33,426 [INFO] MainUpdater:2872 - connection check result : 10
2025-04-19 11:55:33,427 [INFO] MainUpdater:289 - Updater Check For Update Now.
2025-04-19 11:55:33,427 [INFO] MicroXplorer:498 - Change Database Version : DB.6.0.140
2025-04-19 11:55:33,433 [INFO] McuFinderGlobals:63 - Set McuFinder mode to 2 (CubeIDE integrated)
2025-04-19 11:55:33,434 [INFO] UserAuth:171 - activating auth plugin
2025-04-19 11:55:33,437 [INFO] UserAuth:486 - Internet connection configuration mode: 1
2025-04-19 11:55:33,456 [INFO] JxBrowserEngine:152 - Initiate JxBrowser Engine with user profile folder
2025-04-19 11:55:33,631 [INFO] CheckServerUpdateThread:120 - End of CheckServer Thread
2025-04-19 11:55:34,430 [INFO] WebApp:169 - Instantiating new browser for Auth
2025-04-19 11:55:35,342 [INFO] WebApp:463 - Apply proxy settings
2025-04-19 11:55:35,342 [INFO] WebApp:548 - Chromium requires no authentication
2025-04-19 11:55:35,352 [INFO] WebApp:491 - Direct internet connection detected
2025-04-19 11:55:35,383 [INFO] WebApp:894 - Register for checkConnection events
2025-04-19 11:55:35,383 [INFO] WebApp:463 - Apply proxy settings
2025-04-19 11:55:35,383 [INFO] WebApp:548 - Chromium requires no authentication
2025-04-19 11:55:35,384 [INFO] WebApp:491 - Direct internet connection detected
2025-04-19 11:55:35,551 [INFO] WebApp:225 - Starting web application
2025-04-19 11:55:35,551 [INFO] WebApp:593 - Web application path used C:\ST\STM32CubeIDE_1.17.0\STM32CubeIDE\plugins\com.st.stm32cube.common.mx_6.14.0.202502271554\db\plugins\mcufinder\reactClient1\index.html
2025-04-19 11:55:35,727 [INFO] WebApp:191 - Connection restablished
2025-04-19 11:55:36,261 [WARN] PackLoader:240 - Cannot read IP mode file for STMicroelectronics.FP-SNS-MOTENVWB1.1.4.0
2025-04-19 11:55:36,272 [WARN] PackLoader:240 - Cannot read IP mode file for STMicroelectronics.FP-ATR-ASTRA1.2.0.2
2025-04-19 11:55:36,275 [WARN] PackLoader:240 - Cannot read IP mode file for STMicroelectronics.FP-ATR-ASTRA1.2.0.1
2025-04-19 11:55:36,283 [WARN] PackLoader:240 - Cannot read IP mode file for STMicroelectronics.X-CUBE-SMBUS.2.1.0
2025-04-19 11:55:36,293 [WARN] PackLoader:240 - Cannot read IP mode file for STMicroelectronics.X-CUBE-WB05N.1.1.0
2025-04-19 11:55:36,323 [WARN] PackLoader:240 - Cannot read IP mode file for STMicroelectronics.X-CUBE-AZRTOS-F7.1.1.0
2025-04-19 11:55:36,379 [WARN] PackLoader:240 - Cannot read IP mode file for STMicroelectronics.X-CUBE-MEMS1.11.0.0
2025-04-19 11:55:36,537 [WARN] PackLoader:240 - Cannot read IP mode file for STMicroelectronics.FP-SNS-FLIGHT1.5.0.2
2025-04-19 11:55:36,564 [WARN] PackLoader:240 - Cannot read IP mode file for Infineon.AIROC-Wi-Fi-Bluetooth-STM32.1.7.0
2025-04-19 11:55:36,574 [WARN] PackLoader:240 - Cannot read IP mode file for STMicroelectronics.X-CUBE-DISPLAY.3.0.0
2025-04-19 11:55:36,583 [WARN] PackLoader:240 - Cannot read IP mode file for STMicroelectronics.X-CUBE-BLE1.7.0.0
2025-04-19 11:55:36,591 [WARN] PackLoader:240 - Cannot read IP mode file for STMicroelectronics.X-CUBE-NFC10.1.0.0
2025-04-19 11:55:36,601 [WARN] PackLoader:240 - Cannot read IP mode file for STMicroelectronics.X-CUBE-BLEMGR.4.0.0
2025-04-19 11:55:36,611 [WARN] PackLoader:240 - Cannot read IP mode file for emotas.I-CUBE-CANOPEN.1.3.0
2025-04-19 11:55:36,619 [WARN] PackLoader:240 - Cannot read IP mode file for STMicroelectronics.X-CUBE-BLEMGR.3.1.0
2025-04-19 11:55:36,626 [WARN] PackLoader:240 - Cannot read IP mode file for STMicroelectronics.X-CUBE-AI.10.0.0
2025-04-19 11:55:36,631 [WARN] PackLoader:240 - Cannot read IP mode file for STMicroelectronics.FP-SNS-SMARTAG2.1.2.0
2025-04-19 11:55:36,635 [WARN] PackLoader:240 - Cannot read IP mode file for STMicroelectronics.FP-SNS-FLIGHT1.5.1.0
2025-04-19 11:55:36,701 [WARN] PackLoader:240 - Cannot read IP mode file for STMicroelectronics.X-CUBE-MEMS1.11.1.0
2025-04-19 11:55:36,807 [INFO] LogOutputStream:77 - [STDOUT_REDIRECT] 1 : Invalid condition id : UX_CORESTACK_Condition cause : null
2025-04-19 11:55:36,808 [INFO] LogOutputStream:77 - [STDOUT_REDIRECT] 1 : Invalid condition id : UX_CORESTACK_Condition cause : null
2025-04-19 11:55:36,809 [INFO] LogOutputStream:77 - [STDOUT_REDIRECT] 1 : Invalid condition id : UX_CORESTACK_Condition cause : null
2025-04-19 11:55:36,810 [INFO] LogOutputStream:77 - [STDOUT_REDIRECT] 1 : Invalid condition id : UX_CORESTACK_Condition cause : null
2025-04-19 11:55:36,812 [INFO] LogOutputStream:77 - [STDOUT_REDIRECT] 1 : Invalid condition id : UX_CORESTACK_Condition cause : null
2025-04-19 11:55:36,814 [WARN] PackLoader:240 - Cannot read IP mode file for STMicroelectronics.X-CUBE-AZRTOS-WL.2.0.0
2025-04-19 11:55:36,822 [WARN] PackLoader:240 - Cannot read IP mode file for STMicroelectronics.FP-SNS-MOTENV1.5.0.0
2025-04-19 11:55:36,828 [WARN] PackLoader:240 - Cannot read IP mode file for wolfSSL.I-CUBE-wolfMQTT.1.19.0
2025-04-19 11:55:36,836 [WARN] PackLoader:240 - Cannot read IP mode file for WES.I-CUBE-Cesium.1.3.0
2025-04-19 11:55:36,841 [WARN] PackLoader:240 - Cannot read IP mode file for STMicroelectronics.X-CUBE-BLE2.3.3.0
2025-04-19 11:55:36,853 [WARN] PackLoader:240 - Cannot read IP mode file for STMicroelectronics.X-CUBE-NFC9.1.0.0
2025-04-19 11:55:36,861 [WARN] PackLoader:240 - Cannot read IP mode file for STMicroelectronics.X-CUBE-BLE1.7.1.0
2025-04-19 11:55:36,869 [WARN] PackLoader:240 - Cannot read IP mode file for STMicroelectronics.X-CUBE-TCPP.4.1.0
2025-04-19 11:55:36,937 [WARN] PackLoader:240 - Cannot read IP mode file for STMicroelectronics.X-CUBE-MEMS1.11.2.0
2025-04-19 11:55:37,105 [WARN] PackLoader:240 - Cannot read IP mode file for STMicroelectronics.X-CUBE-AZRTOS-G0.1.1.0
2025-04-19 11:55:37,112 [WARN] PackLoader:240 - Cannot read IP mode file for STMicroelectronics.X-CUBE-SAFEA1.1.2.2
2025-04-19 11:55:37,118 [WARN] PackLoader:240 - Cannot read IP mode file for STMicroelectronics.X-CUBE-NFC4.3.0.0
2025-04-19 11:55:37,125 [WARN] PackLoader:240 - Cannot read IP mode file for EmbeddedOffice.I-CUBE-FS-RTOS.1.0.1
2025-04-19 11:55:37,129 [WARN] PackLoader:240 - Cannot read IP mode file for STMicroelectronics.X-CUBE-TCPP.4.2.0
2025-04-19 11:55:37,134 [WARN] PackLoader:240 - Cannot read IP mode file for RealThread.X-CUBE-RT-Thread_Nano.4.1.1
2025-04-19 11:55:37,139 [WARN] PackLoader:240 - Cannot read IP mode file for STMicroelectronics.FP-ATR-SIGFOX1.3.2.0
2025-04-19 11:55:37,142 [WARN] ConditionMgr:438 - getConditionDescription Invalid condition id : Cortex-A Device cause : null
2025-04-19 11:55:37,156 [WARN] ConditionMgr:1044 - genDependencies : Invalid condition id : Cortex-A Device cause : null
2025-04-19 11:55:37,156 [WARN] ConditionMgr:1044 - genDependencies : Invalid condition id : Cortex-A Device cause : null
2025-04-19 11:55:37,156 [WARN] ConditionMgr:1044 - genDependencies : Invalid condition id : Cortex-A Device cause : null
2025-04-19 11:55:37,161 [WARN] PackLoader:240 - Cannot read IP mode file for STMicroelectronics.X-CUBE-EEPRMA1.5.1.0
2025-04-19 11:55:37,166 [WARN] PackLoader:240 - Cannot read IP mode file for wolfSSL.I-CUBE-wolfSSL.5.7.4
2025-04-19 11:55:37,170 [WARN] PackLoader:240 - Cannot read IP mode file for ITTIA_DB.I-CUBE-ITTIADB.8.9.0
2025-04-19 11:55:37,190 [WARN] PackLoader:240 - Cannot read IP mode file for SEGGER.I-CUBE-embOS.1.3.1
2025-04-19 11:55:37,217 [WARN] PackLoader:240 - Cannot read IP mode file for STMicroelectronics.X-CUBE-ALGOBUILD.1.4.0
2025-04-19 11:55:37,220 [WARN] PackLoader:240 - Cannot read IP mode file for STMicroelectronics.X-CUBE-AI.9.1.0
2025-04-19 11:55:37,231 [WARN] PackLoader:240 - Cannot read IP mode file for STMicroelectronics.X-CUBE-AZRTOS-F4.1.1.0
2025-04-19 11:55:37,237 [WARN] PackLoader:240 - Cannot read IP mode file for Avnet-IotConnect.X-CUBE-IoTC-DA16k-PMOD.1.0.0
2025-04-19 11:55:37,240 [WARN] PackLoader:240 - Cannot read IP mode file for STMicroelectronics.X-CUBE-ISPU.2.1.0
2025-04-19 11:55:37,245 [WARN] PackLoader:240 - Cannot read IP mode file for STMicroelectronics.X-CUBE-FREERTOS.1.2.0
2025-04-19 11:55:37,260 [WARN] PackLoader:240 - Cannot read IP mode file for STMicroelectronics.X-CUBE-AZRTOS-L5.2.0.0
2025-04-19 11:55:37,268 [WARN] PackLoader:240 - Cannot read IP mode file for STMicroelectronics.X-CUBE-NFC6.3.1.0
2025-04-19 11:55:37,273 [WARN] PackLoader:240 - Cannot read IP mode file for STMicroelectronics.X-CUBE-DPower.1.2.0
2025-04-19 11:55:37,277 [WARN] PackLoader:240 - Cannot read IP mode file for STMicroelectronics.X-CUBE-FREERTOS.1.3.0
2025-04-19 11:55:37,282 [WARN] PackLoader:240 - Cannot read IP mode file for STMicroelectronics.X-CUBE-NFC7.1.0.1
2025-04-19 11:55:37,286 [WARN] PackLoader:240 - Cannot read IP mode file for STMicroelectronics.X-CUBE-DPower.1.3.0
2025-04-19 11:55:37,307 [WARN] ConditionMgr:438 - getConditionDescription Invalid condition id : LAN8742 Phy interface Condition cause : null
2025-04-19 11:55:37,308 [WARN] PackLoader:240 - Cannot read IP mode file for STMicroelectronics.X-CUBE-AZRTOS-L4.2.0.0
2025-04-19 11:55:37,309 [WARN] ConditionMgr:1044 - genDependencies : Invalid condition id : LAN8742 Phy interface Condition cause : null
2025-04-19 11:55:37,309 [WARN] ConditionMgr:1044 - genDependencies : Invalid condition id : LAN8742 Phy interface Condition cause : null
2025-04-19 11:55:37,310 [WARN] ConditionMgr:1044 - genDependencies : Invalid condition id : LAN8742 Phy interface Condition cause : null
2025-04-19 11:55:37,325 [WARN] PackLoader:240 - Cannot read IP mode file for STMicroelectronics.X-CUBE-SFXS2LP1.4.0.0
2025-04-19 11:55:37,347 [WARN] PackLoader:240 - Cannot read IP mode file for STMicroelectronics.X-CUBE-AZRTOS-H7.3.3.0
2025-04-19 11:55:37,356 [WARN] PackLoader:240 - Cannot read IP mode file for STMicroelectronics.X-CUBE-IPS.3.0.0
2025-04-19 11:55:37,368 [WARN] ConditionMgr:438 - getConditionDescription Invalid condition id : UX DEVICE CLASS RTOS Condition cause : null
2025-04-19 11:55:37,368 [WARN] ConditionMgr:438 - getConditionDescription Invalid condition id : UX DEVICE CLASS RTOS Condition cause : null
2025-04-19 11:55:37,370 [WARN] PackLoader:240 - Cannot read IP mode file for STMicroelectronics.X-CUBE-AZRTOS-WB.2.0.0
2025-04-19 11:55:37,370 [WARN] ConditionMgr:1044 - genDependencies : Invalid condition id : UX DEVICE CLASS RTOS Condition cause : null
2025-04-19 11:55:37,370 [WARN] ConditionMgr:1044 - genDependencies : Invalid condition id : UX DEVICE CLASS RTOS Condition cause : null
2025-04-19 11:55:37,370 [WARN] ConditionMgr:1044 - genDependencies : Invalid condition id : UX DEVICE CLASS RTOS Condition cause : null
2025-04-19 11:55:37,370 [WARN] ConditionMgr:1044 - genDependencies : Invalid condition id : UX DEVICE CLASS RTOS Condition cause : null
2025-04-19 11:55:37,370 [WARN] ConditionMgr:1044 - genDependencies : Invalid condition id : UX DEVICE CLASS RTOS Condition cause : null
2025-04-19 11:55:37,376 [WARN] PackLoader:240 - Cannot read IP mode file for STMicroelectronics.X-CUBE-GNSS1.7.0.0
2025-04-19 11:55:37,381 [WARN] PackLoader:240 - Cannot read IP mode file for STMicroelectronics.X-CUBE-GNSS1.7.0.1
2025-04-19 11:55:37,385 [WARN] PackLoader:240 - Cannot read IP mode file for STMicroelectronics.X-CUBE-TOUCHGFX.4.25.0
2025-04-19 11:55:37,390 [WARN] PackLoader:240 - Cannot read IP mode file for STMicroelectronics.FP-SNS-STBOX1.2.0.0
2025-04-19 11:55:37,398 [WARN] PackLoader:240 - Cannot read IP mode file for STMicroelectronics.X-CUBE-SUBG2.5.0.0
2025-04-19 11:55:37,413 [WARN] PackLoader:240 - Cannot read IP mode file for STMicroelectronics.X-CUBE-AZRTOS-H7RS.1.1.0
2025-04-19 11:55:37,418 [WARN] PackLoader:240 - Cannot read IP mode file for Cesanta.I-CUBE-Mongoose.7.13.0
2025-04-19 11:55:37,429 [WARN] PackLoader:240 - Cannot read IP mode file for STMicroelectronics.X-CUBE-AZRTOS-G4.2.0.0
2025-04-19 11:55:37,442 [WARN] PackLoader:240 - Cannot read IP mode file for STMicroelectronics.X-CUBE-IPS.3.1.0
2025-04-19 11:55:37,451 [WARN] PackLoader:240 - Cannot read IP mode file for STMicroelectronics.X-CUBE-ALS.1.0.2
2025-04-19 11:55:37,454 [WARN] PackLoader:240 - Cannot read IP mode file for STMicroelectronics.X-CUBE-TOUCHGFX.4.24.1
2025-04-19 11:55:37,458 [WARN] PackLoader:240 - Cannot read IP mode file for wolfSSL.I-CUBE-wolfTPM.3.4.0
2025-04-19 11:55:37,464 [WARN] PackLoader:240 - Cannot read IP mode file for portGmbH.I-Cube-SoM-uGOAL.1.1.0
2025-04-19 11:55:37,480 [WARN] PackLoader:240 - Cannot read IP mode file for STMicroelectronics.X-CUBE-AZRTOS-H7RS.1.0.0
2025-04-19 11:55:37,490 [WARN] PackLoader:240 - Cannot read IP mode file for STMicroelectronics.X-CUBE-TOF1.3.4.2
2025-04-19 11:55:37,504 [WARN] PackLoader:240 - Cannot read IP mode file for STMicroelectronics.X-CUBE-TOF1.3.4.3
2025-04-19 11:55:37,516 [WARN] PackLoader:240 - Cannot read IP mode file for wolfSSL.I-CUBE-wolfSSH.1.4.17
2025-04-19 11:55:37,516 [INFO] ThirdParty:978 - Integrity check success = true
2025-04-19 11:55:37,516 [INFO] IntegrityCheckThread:100 - exiting critical section [integrity check]
2025-04-19 11:55:37,516 [INFO] IntegrityCheckThread:103 - End integrity checks thread
2025-04-19 11:58:28,777 [ERROR] LogOutputStream:75 - [STDERR_REDIRECT] 
