00:12:12 **** Incremental Build of configuration Debug for project imubox ****
make -j12 all 
arm-none-eabi-size  imubox.elf 
   text	   data	    bss	    dec	    hex	filename
  65784	    716	   9460	  75960	  128b8	imubox.elf
Finished building: default.size.stdout
 
00:12:19 **** Incremental Build of configuration Debug for project imubox ****
make -j12 all 
arm-none-eabi-size  imubox.elf 
   text	   data	    bss	    dec	    hex	filename
  65784	    716	   9460	  75960	  128b8	imubox.elf
Finished building: default.size.stdout
 
